// Jest Snapshot v1, https://goo.gl/fbAQLP

exports[`ProductCardInstruction ProductCardInstruction snapshot 1`] = `
Object {
  "asFragment": [Function],
  "baseElement": <body>
    <div>
      <div
        class="MuiBox-root css-0"
      >
        <h4
          class="MuiTypography-root MuiTypography-h4 MuiTypography-gutterBottom css-182ddv-MuiTypography-root"
        >
          Інструкція
        </h4>
        <div
          class="MuiStack-root css-p81m6m-MuiStack-root"
        >
          <button
            class="MuiButtonBase-root MuiButton-root MuiButton-outlined MuiButton-outlinedPrimary MuiButton-sizeMedium MuiButton-outlinedSizeMedium MuiButton-root MuiButton-outlined MuiButton-outlinedPrimary MuiButton-sizeMedium MuiButton-outlinedSizeMedium css-1usqutq-MuiButtonBase-root-MuiButton-root"
            data-testid="btnInstruction"
            tabindex="0"
            type="button"
          >
            Cклад
            <span
              class="MuiTouchRipple-root css-8je8zh-MuiTouchRipple-root"
            />
          </button>
          <button
            class="MuiButtonBase-root MuiButton-root MuiButton-outlined MuiButton-outlinedPrimary MuiButton-sizeMedium MuiButton-outlinedSizeMedium MuiButton-root MuiButton-outlined MuiButton-outlinedPrimary MuiButton-sizeMedium MuiButton-outlinedSizeMedium css-1usqutq-MuiButtonBase-root-MuiButton-root"
            data-testid="btnInstruction"
            tabindex="0"
            type="button"
          >
            Лікарська форма
            <span
              class="MuiTouchRipple-root css-8je8zh-MuiTouchRipple-root"
            />
          </button>
          <button
            class="MuiButtonBase-root MuiButton-root MuiButton-outlined MuiButton-outlinedPrimary MuiButton-sizeMedium MuiButton-outlinedSizeMedium MuiButton-root MuiButton-outlined MuiButton-outlinedPrimary MuiButton-sizeMedium MuiButton-outlinedSizeMedium css-1usqutq-MuiButtonBase-root-MuiButton-root"
            data-testid="btnInstruction"
            tabindex="0"
            type="button"
          >
            Фармакотерапевтична група
            <span
              class="MuiTouchRipple-root css-8je8zh-MuiTouchRipple-root"
            />
          </button>
          <button
            class="MuiButtonBase-root MuiButton-root MuiButton-outlined MuiButton-outlinedPrimary MuiButton-sizeMedium MuiButton-outlinedSizeMedium MuiButton-root MuiButton-outlined MuiButton-outlinedPrimary MuiButton-sizeMedium MuiButton-outlinedSizeMedium css-1usqutq-MuiButtonBase-root-MuiButton-root"
            data-testid="btnInstruction"
            tabindex="0"
            type="button"
          >
            Показання
            <span
              class="MuiTouchRipple-root css-8je8zh-MuiTouchRipple-root"
            />
          </button>
          <button
            class="MuiButtonBase-root MuiButton-root MuiButton-outlined MuiButton-outlinedPrimary MuiButton-sizeMedium MuiButton-outlinedSizeMedium MuiButton-root MuiButton-outlined MuiButton-outlinedPrimary MuiButton-sizeMedium MuiButton-outlinedSizeMedium css-1usqutq-MuiButtonBase-root-MuiButton-root"
            data-testid="btnInstruction"
            tabindex="0"
            type="button"
          >
            Противопоказання
            <span
              class="MuiTouchRipple-root css-8je8zh-MuiTouchRipple-root"
            />
          </button>
          <button
            class="MuiButtonBase-root MuiButton-root MuiButton-outlined MuiButton-outlinedPrimary MuiButton-sizeMedium MuiButton-outlinedSizeMedium MuiButton-root MuiButton-outlined MuiButton-outlinedPrimary MuiButton-sizeMedium MuiButton-outlinedSizeMedium css-1usqutq-MuiButtonBase-root-MuiButton-root"
            data-testid="btnInstruction"
            tabindex="0"
            type="button"
          >
            Спосіб застосування
            <span
              class="MuiTouchRipple-root css-8je8zh-MuiTouchRipple-root"
            />
          </button>
          <button
            class="MuiButtonBase-root MuiButton-root MuiButton-outlined MuiButton-outlinedPrimary MuiButton-sizeMedium MuiButton-outlinedSizeMedium MuiButton-root MuiButton-outlined MuiButton-outlinedPrimary MuiButton-sizeMedium MuiButton-outlinedSizeMedium css-1usqutq-MuiButtonBase-root-MuiButton-root"
            data-testid="btnInstruction"
            tabindex="0"
            type="button"
          >
            Побічні реакціі
            <span
              class="MuiTouchRipple-root css-8je8zh-MuiTouchRipple-root"
            />
          </button>
          <button
            class="MuiButtonBase-root MuiButton-root MuiButton-outlined MuiButton-outlinedPrimary MuiButton-sizeMedium MuiButton-outlinedSizeMedium MuiButton-root MuiButton-outlined MuiButton-outlinedPrimary MuiButton-sizeMedium MuiButton-outlinedSizeMedium css-1usqutq-MuiButtonBase-root-MuiButton-root"
            data-testid="btnInstruction"
            tabindex="0"
            type="button"
          >
            Термін придатності
            <span
              class="MuiTouchRipple-root css-8je8zh-MuiTouchRipple-root"
            />
          </button>
          <button
            class="MuiButtonBase-root MuiButton-root MuiButton-outlined MuiButton-outlinedPrimary MuiButton-sizeMedium MuiButton-outlinedSizeMedium MuiButton-root MuiButton-outlined MuiButton-outlinedPrimary MuiButton-sizeMedium MuiButton-outlinedSizeMedium css-1usqutq-MuiButtonBase-root-MuiButton-root"
            data-testid="btnInstruction"
            tabindex="0"
            type="button"
          >
            Умови зберігання
            <span
              class="MuiTouchRipple-root css-8je8zh-MuiTouchRipple-root"
            />
          </button>
          <button
            class="MuiButtonBase-root MuiButton-root MuiButton-outlined MuiButton-outlinedPrimary MuiButton-sizeMedium MuiButton-outlinedSizeMedium MuiButton-root MuiButton-outlined MuiButton-outlinedPrimary MuiButton-sizeMedium MuiButton-outlinedSizeMedium css-1usqutq-MuiButtonBase-root-MuiButton-root"
            data-testid="btnInstruction"
            tabindex="0"
            type="button"
          >
            Виробник
            <span
              class="MuiTouchRipple-root css-8je8zh-MuiTouchRipple-root"
            />
          </button>
        </div>
        <div
          class="MuiBox-root css-0"
        >
          <div
            class="MuiBox-root css-0"
          >
            <h5
              class="MuiTypography-root MuiTypography-h5 MuiTypography-gutterBottom css-1uwpxv3-MuiTypography-root"
              id="compound"
            >
              Склад
            </h5>
          </div>
          <div
            class="MuiBox-root css-0"
          >
            <h5
              class="MuiTypography-root MuiTypography-h5 MuiTypography-gutterBottom css-1uwpxv3-MuiTypography-root"
              id="dosageForm"
            >
              Лікарська форма
            </h5>
          </div>
          <div
            class="MuiBox-root css-0"
          >
            <h5
              class="MuiTypography-root MuiTypography-h5 MuiTypography-gutterBottom css-1uwpxv3-MuiTypography-root"
              id="pharmGroup"
            >
              Фармакотерапевтична група
            </h5>
          </div>
          <div
            class="MuiBox-root css-0"
          >
            <h5
              class="MuiTypography-root MuiTypography-h5 MuiTypography-gutterBottom css-1uwpxv3-MuiTypography-root"
              id="indications"
            >
              Показання
            </h5>
          </div>
          <div
            class="MuiBox-root css-0"
          >
            <h5
              class="MuiTypography-root MuiTypography-h5 MuiTypography-gutterBottom css-1uwpxv3-MuiTypography-root"
              id="contraindications"
            >
              Противопоказання
            </h5>
          </div>
          <div
            class="MuiBox-root css-0"
          >
            <h5
              class="MuiTypography-root MuiTypography-h5 MuiTypography-gutterBottom css-1uwpxv3-MuiTypography-root"
              id="howToTake"
            >
              Спосіб застосування
            </h5>
          </div>
          <div
            class="MuiBox-root css-0"
          >
            <h5
              class="MuiTypography-root MuiTypography-h5 MuiTypography-gutterBottom css-1uwpxv3-MuiTypography-root"
              id="adverseReactions"
            >
              Побочні реакції
            </h5>
          </div>
          <div
            class="MuiBox-root css-0"
          >
            <h5
              class="MuiTypography-root MuiTypography-h5 MuiTypography-gutterBottom css-1uwpxv3-MuiTypography-root"
              id="bestBeforeDate"
            >
              Термін придатності
            </h5>
          </div>
          <div
            class="MuiBox-root css-0"
          >
            <h5
              class="MuiTypography-root MuiTypography-h5 MuiTypography-gutterBottom css-1uwpxv3-MuiTypography-root"
              id="storageConditions"
            >
              Умови зберігання
            </h5>
          </div>
          <div
            class="MuiBox-root css-0"
          >
            <h5
              class="MuiTypography-root MuiTypography-h5 MuiTypography-gutterBottom css-1uwpxv3-MuiTypography-root"
              id="manufacturer"
            >
              Виробник
            </h5>
          </div>
        </div>
      </div>
    </div>
  </body>,
  "container": <div>
    <div
      class="MuiBox-root css-0"
    >
      <h4
        class="MuiTypography-root MuiTypography-h4 MuiTypography-gutterBottom css-182ddv-MuiTypography-root"
      >
        Інструкція
      </h4>
      <div
        class="MuiStack-root css-p81m6m-MuiStack-root"
      >
        <button
          class="MuiButtonBase-root MuiButton-root MuiButton-outlined MuiButton-outlinedPrimary MuiButton-sizeMedium MuiButton-outlinedSizeMedium MuiButton-root MuiButton-outlined MuiButton-outlinedPrimary MuiButton-sizeMedium MuiButton-outlinedSizeMedium css-1usqutq-MuiButtonBase-root-MuiButton-root"
          data-testid="btnInstruction"
          tabindex="0"
          type="button"
        >
          Cклад
          <span
            class="MuiTouchRipple-root css-8je8zh-MuiTouchRipple-root"
          />
        </button>
        <button
          class="MuiButtonBase-root MuiButton-root MuiButton-outlined MuiButton-outlinedPrimary MuiButton-sizeMedium MuiButton-outlinedSizeMedium MuiButton-root MuiButton-outlined MuiButton-outlinedPrimary MuiButton-sizeMedium MuiButton-outlinedSizeMedium css-1usqutq-MuiButtonBase-root-MuiButton-root"
          data-testid="btnInstruction"
          tabindex="0"
          type="button"
        >
          Лікарська форма
          <span
            class="MuiTouchRipple-root css-8je8zh-MuiTouchRipple-root"
          />
        </button>
        <button
          class="MuiButtonBase-root MuiButton-root MuiButton-outlined MuiButton-outlinedPrimary MuiButton-sizeMedium MuiButton-outlinedSizeMedium MuiButton-root MuiButton-outlined MuiButton-outlinedPrimary MuiButton-sizeMedium MuiButton-outlinedSizeMedium css-1usqutq-MuiButtonBase-root-MuiButton-root"
          data-testid="btnInstruction"
          tabindex="0"
          type="button"
        >
          Фармакотерапевтична група
          <span
            class="MuiTouchRipple-root css-8je8zh-MuiTouchRipple-root"
          />
        </button>
        <button
          class="MuiButtonBase-root MuiButton-root MuiButton-outlined MuiButton-outlinedPrimary MuiButton-sizeMedium MuiButton-outlinedSizeMedium MuiButton-root MuiButton-outlined MuiButton-outlinedPrimary MuiButton-sizeMedium MuiButton-outlinedSizeMedium css-1usqutq-MuiButtonBase-root-MuiButton-root"
          data-testid="btnInstruction"
          tabindex="0"
          type="button"
        >
          Показання
          <span
            class="MuiTouchRipple-root css-8je8zh-MuiTouchRipple-root"
          />
        </button>
        <button
          class="MuiButtonBase-root MuiButton-root MuiButton-outlined MuiButton-outlinedPrimary MuiButton-sizeMedium MuiButton-outlinedSizeMedium MuiButton-root MuiButton-outlined MuiButton-outlinedPrimary MuiButton-sizeMedium MuiButton-outlinedSizeMedium css-1usqutq-MuiButtonBase-root-MuiButton-root"
          data-testid="btnInstruction"
          tabindex="0"
          type="button"
        >
          Противопоказання
          <span
            class="MuiTouchRipple-root css-8je8zh-MuiTouchRipple-root"
          />
        </button>
        <button
          class="MuiButtonBase-root MuiButton-root MuiButton-outlined MuiButton-outlinedPrimary MuiButton-sizeMedium MuiButton-outlinedSizeMedium MuiButton-root MuiButton-outlined MuiButton-outlinedPrimary MuiButton-sizeMedium MuiButton-outlinedSizeMedium css-1usqutq-MuiButtonBase-root-MuiButton-root"
          data-testid="btnInstruction"
          tabindex="0"
          type="button"
        >
          Спосіб застосування
          <span
            class="MuiTouchRipple-root css-8je8zh-MuiTouchRipple-root"
          />
        </button>
        <button
          class="MuiButtonBase-root MuiButton-root MuiButton-outlined MuiButton-outlinedPrimary MuiButton-sizeMedium MuiButton-outlinedSizeMedium MuiButton-root MuiButton-outlined MuiButton-outlinedPrimary MuiButton-sizeMedium MuiButton-outlinedSizeMedium css-1usqutq-MuiButtonBase-root-MuiButton-root"
          data-testid="btnInstruction"
          tabindex="0"
          type="button"
        >
          Побічні реакціі
          <span
            class="MuiTouchRipple-root css-8je8zh-MuiTouchRipple-root"
          />
        </button>
        <button
          class="MuiButtonBase-root MuiButton-root MuiButton-outlined MuiButton-outlinedPrimary MuiButton-sizeMedium MuiButton-outlinedSizeMedium MuiButton-root MuiButton-outlined MuiButton-outlinedPrimary MuiButton-sizeMedium MuiButton-outlinedSizeMedium css-1usqutq-MuiButtonBase-root-MuiButton-root"
          data-testid="btnInstruction"
          tabindex="0"
          type="button"
        >
          Термін придатності
          <span
            class="MuiTouchRipple-root css-8je8zh-MuiTouchRipple-root"
          />
        </button>
        <button
          class="MuiButtonBase-root MuiButton-root MuiButton-outlined MuiButton-outlinedPrimary MuiButton-sizeMedium MuiButton-outlinedSizeMedium MuiButton-root MuiButton-outlined MuiButton-outlinedPrimary MuiButton-sizeMedium MuiButton-outlinedSizeMedium css-1usqutq-MuiButtonBase-root-MuiButton-root"
          data-testid="btnInstruction"
          tabindex="0"
          type="button"
        >
          Умови зберігання
          <span
            class="MuiTouchRipple-root css-8je8zh-MuiTouchRipple-root"
          />
        </button>
        <button
          class="MuiButtonBase-root MuiButton-root MuiButton-outlined MuiButton-outlinedPrimary MuiButton-sizeMedium MuiButton-outlinedSizeMedium MuiButton-root MuiButton-outlined MuiButton-outlinedPrimary MuiButton-sizeMedium MuiButton-outlinedSizeMedium css-1usqutq-MuiButtonBase-root-MuiButton-root"
          data-testid="btnInstruction"
          tabindex="0"
          type="button"
        >
          Виробник
          <span
            class="MuiTouchRipple-root css-8je8zh-MuiTouchRipple-root"
          />
        </button>
      </div>
      <div
        class="MuiBox-root css-0"
      >
        <div
          class="MuiBox-root css-0"
        >
          <h5
            class="MuiTypography-root MuiTypography-h5 MuiTypography-gutterBottom css-1uwpxv3-MuiTypography-root"
            id="compound"
          >
            Склад
          </h5>
        </div>
        <div
          class="MuiBox-root css-0"
        >
          <h5
            class="MuiTypography-root MuiTypography-h5 MuiTypography-gutterBottom css-1uwpxv3-MuiTypography-root"
            id="dosageForm"
          >
            Лікарська форма
          </h5>
        </div>
        <div
          class="MuiBox-root css-0"
        >
          <h5
            class="MuiTypography-root MuiTypography-h5 MuiTypography-gutterBottom css-1uwpxv3-MuiTypography-root"
            id="pharmGroup"
          >
            Фармакотерапевтична група
          </h5>
        </div>
        <div
          class="MuiBox-root css-0"
        >
          <h5
            class="MuiTypography-root MuiTypography-h5 MuiTypography-gutterBottom css-1uwpxv3-MuiTypography-root"
            id="indications"
          >
            Показання
          </h5>
        </div>
        <div
          class="MuiBox-root css-0"
        >
          <h5
            class="MuiTypography-root MuiTypography-h5 MuiTypography-gutterBottom css-1uwpxv3-MuiTypography-root"
            id="contraindications"
          >
            Противопоказання
          </h5>
        </div>
        <div
          class="MuiBox-root css-0"
        >
          <h5
            class="MuiTypography-root MuiTypography-h5 MuiTypography-gutterBottom css-1uwpxv3-MuiTypography-root"
            id="howToTake"
          >
            Спосіб застосування
          </h5>
        </div>
        <div
          class="MuiBox-root css-0"
        >
          <h5
            class="MuiTypography-root MuiTypography-h5 MuiTypography-gutterBottom css-1uwpxv3-MuiTypography-root"
            id="adverseReactions"
          >
            Побочні реакції
          </h5>
        </div>
        <div
          class="MuiBox-root css-0"
        >
          <h5
            class="MuiTypography-root MuiTypography-h5 MuiTypography-gutterBottom css-1uwpxv3-MuiTypography-root"
            id="bestBeforeDate"
          >
            Термін придатності
          </h5>
        </div>
        <div
          class="MuiBox-root css-0"
        >
          <h5
            class="MuiTypography-root MuiTypography-h5 MuiTypography-gutterBottom css-1uwpxv3-MuiTypography-root"
            id="storageConditions"
          >
            Умови зберігання
          </h5>
        </div>
        <div
          class="MuiBox-root css-0"
        >
          <h5
            class="MuiTypography-root MuiTypography-h5 MuiTypography-gutterBottom css-1uwpxv3-MuiTypography-root"
            id="manufacturer"
          >
            Виробник
          </h5>
        </div>
      </div>
    </div>
  </div>,
  "debug": [Function],
  "findAllByAltText": [Function],
  "findAllByDisplayValue": [Function],
  "findAllByLabelText": [Function],
  "findAllByPlaceholderText": [Function],
  "findAllByRole": [Function],
  "findAllByTestId": [Function],
  "findAllByText": [Function],
  "findAllByTitle": [Function],
  "findByAltText": [Function],
  "findByDisplayValue": [Function],
  "findByLabelText": [Function],
  "findByPlaceholderText": [Function],
  "findByRole": [Function],
  "findByTestId": [Function],
  "findByText": [Function],
  "findByTitle": [Function],
  "getAllByAltText": [Function],
  "getAllByDisplayValue": [Function],
  "getAllByLabelText": [Function],
  "getAllByPlaceholderText": [Function],
  "getAllByRole": [Function],
  "getAllByTestId": [Function],
  "getAllByText": [Function],
  "getAllByTitle": [Function],
  "getByAltText": [Function],
  "getByDisplayValue": [Function],
  "getByLabelText": [Function],
  "getByPlaceholderText": [Function],
  "getByRole": [Function],
  "getByTestId": [Function],
  "getByText": [Function],
  "getByTitle": [Function],
  "queryAllByAltText": [Function],
  "queryAllByDisplayValue": [Function],
  "queryAllByLabelText": [Function],
  "queryAllByPlaceholderText": [Function],
  "queryAllByRole": [Function],
  "queryAllByTestId": [Function],
  "queryAllByText": [Function],
  "queryAllByTitle": [Function],
  "queryByAltText": [Function],
  "queryByDisplayValue": [Function],
  "queryByLabelText": [Function],
  "queryByPlaceholderText": [Function],
  "queryByRole": [Function],
  "queryByTestId": [Function],
  "queryByText": [Function],
  "queryByTitle": [Function],
  "rerender": [Function],
  "unmount": [Function],
}
`;
